// Jest Snapshot v1, https://goo.gl/fbAQLP

exports[`App renders correctly 1`] = `
<div
  className="sc-hBEYos dKvfnL"
>
  <div
    className="lds-dual-ring"
  />
</div>
`;
